src/controllers/mailbox.controller.ts(22,57): error TS2345: Argument of type 'string | string[]' is not assignable to parameter of type 'string'.
  Type 'string[]' is not assignable to type 'string'.
src/services/stripe.service.ts(7,5): error TS2322: Type '"2023-10-16"' is not assignable to type '"2026-01-28.clover"'.
